// Jest Snapshot v1, https://goo.gl/fbAQLP

exports[`Tests sobre el componenete <GiftGridItem /> El componente debe reenderizarse correctamente 1`] = `
<div
  className="card animate__animated animate__fadeIn"
>
  <img
    alt="un titulo"
    src="https://localhost/algo.jpg"
  />
  <p>
    un titulo
  </p>
</div>
`;
